     VMA      LMA     Size Align Out     In      Symbol
       0        0        0     1 RAMBASE = 0x81000000
81000000 81000000       2c     4 .rodata
81000000 81000000       2c     4         build/src/birdequipment.o:(.rodata)
8100002c 8100002c       75     1 .rodata.str1.1
8100002c 8100002c       75     1         <internal>:(.rodata.str1.1)
810000b0 810000b0        0    16 .text
810000b0 810000b0        0    16         build/src/Valentine.o:(.text)
810000b0 810000b0        0    16         build/src/birdequipment.o:(.text)
810000b0 810000b0        0    16         build/src/gBoLALTTPMirrorShield.o:(.text)
810000b0 810000b0        0    16         build/src/gBoLBurningDragonsword.o:(.text)
810000b0 810000b0        0    16         build/src/gBoLDS1Claymore.o:(.text)
810000b0 810000b0        0    16         build/src/gBoLFighterShield.o:(.text)
810000b0 810000b0        0    16         build/src/gBoLImprovedMirrorShield.o:(.text)
810000b0 810000b0        0    16         build/src/gBoLKiteShield.o:(.text)
810000b0 810000b0        0    16         build/src/gBoLMM3DHeroShield.o:(.text)
810000b0 810000b0        0    16         build/src/gBoLMagicShield.o:(.text)
810000b0 810000b0        0    16         build/src/gBoLMagicSwordBlade.o:(.text)
810000b0 810000b0        0    16         build/src/gBoLMagicSwordHilt.o:(.text)
810000b0 810000b0        0    16         build/src/gBoLMoonlightGreatsword.o:(.text)
810000b0 810000b0        0    16         build/src/gBoLOoT3DHyShield.o:(.text)
810000b0 810000b0        0    16         build/src/gBoLPursuerUGS.o:(.text)
810000b0 810000b0        0    16         build/src/gBoLRedShield.o:(.text)
810000b0 810000b0        0    16         build/src/gBoLSTShield.o:(.text)
810000b0 810000b0        0    16         build/src/gBoLUltimaWeapon.o:(.text)
810000b0 810000b0        0    16         build/src/gBoLValentine.o:(.text)
810000b0 810000b0        0    16         build/src/gJoJoStoneMask.o:(.text)
810000b0 810000b0       58     4 .recomp_import.*
810000b0 810000b0       58     4         build/src/birdequipment.o:(.recomp_import.*)
810000b0 810000b0        8     1                 recomp_alloc
810000b8 810000b8        8     1                 recomp_free
810000c0 810000c0       10     1                 recomp_printf
810000d0 810000d0        8     1                 recomp_get_config_u32
810000d8 810000d8        8     1                 recomp_get_config_double
810000e0 810000e0        8     1                 recomp_get_config_string
810000e8 810000e8        8     1                 recomp_free_config_string
810000f0 810000f0        8     1                 recomp_get_mod_version
810000f8 810000f8        8     1                 recomp_change_save_file
81000100 81000100        8     1                 recomp_get_save_file_path
81000108 81000108       28     4 .recomp_hook.DmaMgr_ProcessRequest
81000108 81000108       28     4         build/src/birdequipment.o:(.recomp_hook.DmaMgr_ProcessRequest)
81000108 81000108       28     1                 on_DmaMgr_RequestSync
81000130 81000130      320     4 .recomp_hook_return.DmaMgr_ProcessRequest
81000130 81000130      320     4         build/src/birdequipment.o:(.recomp_hook_return.DmaMgr_ProcessRequest)
81000130 81000130      320     1                 after_dma
81000450 81000450    781e0    16 .data
81000450 81000450     89c8    16         build/src/Valentine.o:(.data)
81000450 81000450      800     1                 Valentine_ValentineHandle_ci4
81000c50 81000c50       20     1                 Valentine_ValentineHandle_pal_rgba16
81000c70 81000c70      800     1                 Valentine_ValentinePommel_rgba16
81001470 81001470      800     1                 Valentine_ValentineGuard2_ci4
81001c70 81001c70       20     1                 Valentine_ValentineGuard2_pal_rgba16
81001c90 81001c90      800     1                 Valentine_ValentineGuard1_ci4
81002490 81002490       20     1                 Valentine_ValentineGuard1_pal_rgba16
810024b0 810024b0      800     1                 Valentine_ValentineBladeInner_ci4
81002cb0 81002cb0       20     1                 Valentine_ValentineBladeInner_pal_rgba16
81002cd0 81002cd0     1000     1                 Valentine_ValentineBladeRim_rgba16
81003cd0 81003cd0      100     1                 Valentine__04000000_notile_ci8
81003dd0 81003dd0       50     1                 Valentine__04000000_notile_pal_rgba16
81003e20 81003e20      400     1                 Valentine_ValentineGem_ci8
81004220 81004220       80     1                 Valentine_ValentineGem_pal_rgba16
810042a0 810042a0       80     1                 Valentine_Valentine_mesh_layer_Opaque_vtx_cull
81004320 81004320      180     1                 Valentine_Valentine_mesh_layer_Opaque_vtx_0
810044a0 810044a0       90     1                 Valentine_Valentine_mesh_layer_Opaque_tri_0
81004530 81004530       90     1                 Valentine_Valentine_mesh_layer_Opaque_vtx_1
810045c0 810045c0       30     1                 Valentine_Valentine_mesh_layer_Opaque_tri_1
810045f0 810045f0      1d0     1                 Valentine_Valentine_mesh_layer_Opaque_vtx_2
810047c0 810047c0       90     1                 Valentine_Valentine_mesh_layer_Opaque_tri_2
81004850 81004850      200     1                 Valentine_Valentine_mesh_layer_Opaque_vtx_3
81004a50 81004a50       a0     1                 Valentine_Valentine_mesh_layer_Opaque_tri_3
81004af0 81004af0      7e0     1                 Valentine_Valentine_mesh_layer_Opaque_vtx_4
810052d0 810052d0      128     1                 Valentine_Valentine_mesh_layer_Opaque_tri_4
810053f8 810053f8     1000     1                 Valentine_Valentine_mesh_layer_Opaque_vtx_5
810063f8 810063f8      258     1                 Valentine_Valentine_mesh_layer_Opaque_tri_5
81006650 81006650      e10     1                 Valentine_Valentine_mesh_layer_Opaque_vtx_6
81007460 81007460      1e8     1                 Valentine_Valentine_mesh_layer_Opaque_tri_6
81007648 81007648      f50     1                 Valentine_Valentine_mesh_layer_Opaque_vtx_7
81008598 81008598      408     1                 Valentine_Valentine_mesh_layer_Opaque_tri_7
810089a0 810089a0       80     1                 mat_Valentine_Valentine_Handle_f3d_layerOpaque
81008a20 81008a20       68     1                 mat_Valentine_Valentine_Pommel_f3d_layerOpaque
81008a88 81008a88       80     1                 mat_Valentine_Valentine_Guard2_f3d_layerOpaque
81008b08 81008b08       80     1                 mat_Valentine_Valentine_Guard_f3d_layerOpaque
81008b88 81008b88       80     1                 mat_Valentine_Valentine_BladeInner_f3d_layerOpaque
81008c08 81008c08       68     1                 mat_Valentine_Valentine_BladeOuter_f3d_layerOpaque
81008c70 81008c70       80     1                 mat_Valentine_Valentine_Blade_f3d_layerOpaque
81008cf0 81008cf0       80     1                 mat_Valentine_Valentine_Gem_f3d_layerOpaque
81008d70 81008d70       a8     1                 Valentine
81008e20 81008e20        0    16         build/src/birdequipment.o:(.data)
81008e20 81008e20     35a8    16         build/src/gBoLALTTPMirrorShield.o:(.data)
81008e20 81008e20      200     1                 gBoLALTTPMirrorShield_Handle_ci8
81009020 81009020      108     1                 gBoLALTTPMirrorShield_Handle_pal_rgba16
81009128 81009128      400     1                 gBoLALTTPMirrorShield_Gold_ci8
81009528 81009528       38     1                 gBoLALTTPMirrorShield_Gold_pal_rgba16
81009560 81009560      800     1                 gBoLALTTPMirrorShield_MShieldBack_ci4
81009d60 81009d60       20     1                 gBoLALTTPMirrorShield_MShieldBack_pal_rgba16
81009d80 81009d80      800     1                 gBoLALTTPMirrorShield_MShieldRim_ci8
8100a580 8100a580       30     1                 gBoLALTTPMirrorShield_MShieldRim_pal_rgba16
8100a5b0 8100a5b0      400     1                 gBoLALTTPMirrorShield_MShieldFacePattern_ci8
8100a9b0 8100a9b0       50     1                 gBoLALTTPMirrorShield_MShieldFacePattern_pal_rgba16
8100aa00 8100aa00       80     1                 gBoLALTTPMirrorShield_gBoLALTTPMirrorShield_mesh_layer_Opaque_vtx_cull
8100aa80 8100aa80       c0     1                 gBoLALTTPMirrorShield_gBoLALTTPMirrorShield_mesh_layer_Opaque_vtx_0
8100ab40 8100ab40       50     1                 gBoLALTTPMirrorShield_gBoLALTTPMirrorShield_mesh_layer_Opaque_tri_0
8100ab90 8100ab90      140     1                 gBoLALTTPMirrorShield_gBoLALTTPMirrorShield_mesh_layer_Opaque_vtx_1
8100acd0 8100acd0       70     1                 gBoLALTTPMirrorShield_gBoLALTTPMirrorShield_mesh_layer_Opaque_tri_1
8100ad40 8100ad40      3d0     1                 gBoLALTTPMirrorShield_gBoLALTTPMirrorShield_mesh_layer_Opaque_vtx_2
8100b110 8100b110      130     1                 gBoLALTTPMirrorShield_gBoLALTTPMirrorShield_mesh_layer_Opaque_tri_2
8100b240 8100b240      6a0     1                 gBoLALTTPMirrorShield_gBoLALTTPMirrorShield_mesh_layer_Opaque_vtx_3
8100b8e0 8100b8e0      148     1                 gBoLALTTPMirrorShield_gBoLALTTPMirrorShield_mesh_layer_Opaque_tri_3
8100ba28 8100ba28      570     1                 gBoLALTTPMirrorShield_gBoLALTTPMirrorShield_mesh_layer_Opaque_vtx_4
8100bf98 8100bf98      138     1                 gBoLALTTPMirrorShield_gBoLALTTPMirrorShield_mesh_layer_Opaque_tri_4
8100c0d0 8100c0d0       80     1                 mat_gBoLALTTPMirrorShield_ShieldHandle_f3d_layerOpaque
8100c150 8100c150       80     1                 mat_gBoLALTTPMirrorShield_Gem_f3d_layerOpaque
8100c1d0 8100c1d0       80     1                 mat_gBoLALTTPMirrorShield_MShieldBack_f3d_layerOpaque
8100c250 8100c250       80     1                 mat_gBoLALTTPMirrorShield_MShieldRim_f3d_layerOpaque
8100c2d0 8100c2d0       80     1                 mat_gBoLALTTPMirrorShield_MShieldFront1_f3d_layerOpaque
8100c350 8100c350       78     1                 gBoLALTTPMirrorShield
8100c3d0 8100c3d0     5830    16         build/src/gBoLBurningDragonsword.o:(.data)
8100c3d0 8100c3d0      400     1                 gBoLBurningDragonsword_Blade_ci8
8100c7d0 8100c7d0       38     1                 gBoLBurningDragonsword_Blade_pal_rgba16
8100c808 8100c808      800     1                 gBoLBurningDragonsword_BladeSpikes1_ci8
8100d008 8100d008      178     1                 gBoLBurningDragonsword_BladeSpikes1_pal_rgba16
8100d180 8100d180      800     1                 gBoLBurningDragonsword_BladeSpikes2_ci8
8100d980 8100d980      1b8     1                 gBoLBurningDragonsword_BladeSpikes2_pal_rgba16
8100db38 8100db38      800     1                 gBoLBurningDragonsword_Hilt_ci8
8100e338 8100e338      1d0     1                 gBoLBurningDragonsword_Hilt_pal_rgba16
8100e508 8100e508       80     1                 gBoLBurningDragonsword_gBoLBurningDragonsword_mesh_layer_Opaque_vtx_cull
8100e588 8100e588      340     1                 gBoLBurningDragonsword_gBoLBurningDragonsword_mesh_layer_Opaque_vtx_0
8100e8c8 8100e8c8       d0     1                 gBoLBurningDragonsword_gBoLBurningDragonsword_mesh_layer_Opaque_tri_0
8100e998 8100e998      930     1                 gBoLBurningDragonsword_gBoLBurningDragonsword_mesh_layer_Opaque_vtx_1
8100f2c8 8100f2c8      278     1                 gBoLBurningDragonsword_gBoLBurningDragonsword_mesh_layer_Opaque_tri_1
8100f540 8100f540      870     1                 gBoLBurningDragonsword_gBoLBurningDragonsword_mesh_layer_Opaque_vtx_2
8100fdb0 8100fdb0      250     1                 gBoLBurningDragonsword_gBoLBurningDragonsword_mesh_layer_Opaque_tri_2
81010000 81010000     14a0     1                 gBoLBurningDragonsword_gBoLBurningDragonsword_mesh_layer_Opaque_vtx_3
810114a0 810114a0      4f8     1                 gBoLBurningDragonsword_gBoLBurningDragonsword_mesh_layer_Opaque_tri_3
81011998 81011998       80     1                 mat_gBoLBurningDragonsword_Blade_f3d_layerOpaque
81011a18 81011a18       80     1                 mat_gBoLBurningDragonsword_BladeSpikes1_NOCULL_f3d_layerOpaque
81011a98 81011a98       80     1                 mat_gBoLBurningDragonsword_BladeSpikes2_NOCULL_f3d_layerOpaque
81011b18 81011b18       80     1                 mat_gBoLBurningDragonsword_Hilt_f3d_layerOpaque
81011b98 81011b98       68     1                 gBoLBurningDragonsword
81011c00 81011c00     5b68    16         build/src/gBoLDS1Claymore.o:(.data)
81011c00 81011c00      800     1                 gBoLDS1Claymore_GuardEnds_fast_ia8
81012400 81012400      800     1                 gBoLDS1Claymore_Firelink_Spec_Hilt_rgba16
81012c00 81012c00      800     1                 gBoLDS1Claymore_Handle_ci4
81013400 81013400       18     1                 gBoLDS1Claymore_Handle_pal_rgba16
81013418 81013418      800     1                 gBoLDS1Claymore_Firelink_Spec_rgba16
81013c18 81013c18       80     1                 gBoLDS1Claymore_gBoLDS1Claymore_mesh_layer_Opaque_vtx_cull
81013c98 81013c98      7b0     1                 gBoLDS1Claymore_gBoLDS1Claymore_mesh_layer_Opaque_vtx_0
81014448 81014448      1d0     1                 gBoLDS1Claymore_gBoLDS1Claymore_mesh_layer_Opaque_tri_0
81014618 81014618     2200     1                 gBoLDS1Claymore_gBoLDS1Claymore_mesh_layer_Opaque_vtx_1
81016818 81016818      6e8     1                 gBoLDS1Claymore_gBoLDS1Claymore_mesh_layer_Opaque_tri_1
81016f00 81016f00      180     1                 gBoLDS1Claymore_gBoLDS1Claymore_mesh_layer_Opaque_vtx_2
81017080 81017080       a0     1                 gBoLDS1Claymore_gBoLDS1Claymore_mesh_layer_Opaque_tri_2
81017120 81017120      260     1                 gBoLDS1Claymore_gBoLDS1Claymore_mesh_layer_Opaque_vtx_3
81017380 81017380       88     1                 gBoLDS1Claymore_gBoLDS1Claymore_mesh_layer_Opaque_tri_3
81017408 81017408       a0     1                 gBoLDS1Claymore_gBoLDS1Claymore_mesh_layer_Opaque_vtx_4
810174a8 810174a8       28     1                 gBoLDS1Claymore_gBoLDS1Claymore_mesh_layer_Opaque_tri_4
810174d0 810174d0       68     1                 mat_gBoLDS1Claymore_DS1Cl_GuardEnds_f3d_layerOpaque
81017538 81017538       68     1                 mat_gBoLDS1Claymore_DS1Cl_Guard_f3d_layerOpaque
810175a0 810175a0       80     1                 mat_gBoLDS1Claymore_DS1Cl_Handle_f3d_layerOpaque
81017620 81017620       68     1                 mat_gBoLDS1Claymore_DS1Cl_Blade_f3d_layerOpaque
81017688 81017688       68     1                 mat_gBoLDS1Claymore_DS1Cl_BladeInner_f3d_layerOpaque
810176f0 810176f0       78     1                 gBoLDS1Claymore
81017770 81017770     7908    16         build/src/gBoLFighterShield.o:(.data)
81017770 81017770      400     1                 gBoLFighterShield_Handle_rgba16
81017b70 81017b70      200     1                 gBoLFighterShield_Metal_rgba16
81017d70 81017d70      800     1                 gBoLFighterShield_ShieldBack_ci4
81018570 81018570       20     1                 gBoLFighterShield_ShieldBack_pal_rgba16
81018590 81018590      800     1                 gBoLFighterShield_Ref_rgba16
81018d90 81018d90      200     1                 gBoLFighterShield_Triforce_rgba16
81018f90 81018f90      800     1                 gBoLFighterShield_ShieldFace_ci4
81019790 81019790       18     1                 gBoLFighterShield_ShieldFace_pal_rgba16
810197a8 810197a8       80     1                 gBoLFighterShield_gBoLFighterShield_mesh_layer_Opaque_vtx_cull
81019828 81019828       c0     1                 gBoLFighterShield_gBoLFighterShield_mesh_layer_Opaque_vtx_0
810198e8 810198e8       50     1                 gBoLFighterShield_gBoLFighterShield_mesh_layer_Opaque_tri_0
81019938 81019938     1380     1                 gBoLFighterShield_gBoLFighterShield_mesh_layer_Opaque_vtx_1
8101acb8 8101acb8      440     1                 gBoLFighterShield_gBoLFighterShield_mesh_layer_Opaque_tri_1
8101b0f8 8101b0f8      190     1                 gBoLFighterShield_gBoLFighterShield_mesh_layer_Opaque_vtx_2
8101b288 8101b288       90     1                 gBoLFighterShield_gBoLFighterShield_mesh_layer_Opaque_tri_2
8101b318 8101b318      150     1                 gBoLFighterShield_gBoLFighterShield_mesh_layer_Opaque_vtx_3
8101b468 8101b468       40     1                 gBoLFighterShield_gBoLFighterShield_mesh_layer_Opaque_tri_3
8101b4a8 8101b4a8     2cb0     1                 gBoLFighterShield_gBoLFighterShield_mesh_layer_Opaque_vtx_4
8101e158 8101e158      9d8     1                 gBoLFighterShield_gBoLFighterShield_mesh_layer_Opaque_tri_4
8101eb30 8101eb30      190     1                 gBoLFighterShield_gBoLFighterShield_mesh_layer_Opaque_vtx_5
8101ecc0 8101ecc0       90     1                 gBoLFighterShield_gBoLFighterShield_mesh_layer_Opaque_tri_5
8101ed50 8101ed50       68     1                 mat_gBoLFighterShield_M3D_HS_Handle_f3d_layerOpaque
8101edb8 8101edb8       68     1                 mat_gBoLFighterShield_M3D_HS_Metal_f3d_layerOpaque
8101ee20 8101ee20       80     1                 mat_gBoLFighterShield_LTTPF_ShieldBack_f3d_layerOpaque
8101eea0 8101eea0       68     1                 mat_gBoLFighterShield_LTTPF_ShieldRedGems_f3d_layerOpaque
8101ef08 8101ef08       68     1                 mat_gBoLFighterShield_M3D_HS_Gold_f3d_layerOpaque
8101ef70 8101ef70       80     1                 mat_gBoLFighterShield_LTTPF_ShieldFace_f3d_layerOpaque
8101eff0 8101eff0       88     1                 gBoLFighterShield
8101f080 8101f080     3098    16         build/src/gBoLImprovedMirrorShield.o:(.data)
8101f080 8101f080      200     1                 gBoLImprovedMirrorShield__060096E8_ci8
8101f280 8101f280       50     1                 gBoLImprovedMirrorShield__060096E8_pal_rgba16
8101f2d0 8101f2d0      100     1                 gBoLImprovedMirrorShield_MirrorShield_ci8
8101f3d0 8101f3d0       30     1                 gBoLImprovedMirrorShield_MirrorShield_pal_rgba16
8101f400 8101f400      100     1                 gBoLImprovedMirrorShield_MirrorSurface_ci8
8101f500 8101f500      108     1                 gBoLImprovedMirrorShield_MirrorSurface_pal_rgba16
8101f608 8101f608     1000     1                 gBoLImprovedMirrorShield__06009968_ia8
81020608 81020608     1000     1                 gBoLImprovedMirrorShield_mirrorshield_crescent_ia8
81021608 81021608       80     1                 gBoLImprovedMirrorShield_gBoLImprovedMirrorShield_mesh_layer_Opaque_vtx_cull
81021688 81021688      120     1                 gBoLImprovedMirrorShield_gBoLImprovedMirrorShield_mesh_layer_Opaque_vtx_0
810217a8 810217a8       28     1                 gBoLImprovedMirrorShield_gBoLImprovedMirrorShield_mesh_layer_Opaque_tri_0
810217d0 810217d0      360     1                 gBoLImprovedMirrorShield_gBoLImprovedMirrorShield_mesh_layer_Opaque_vtx_1
81021b30 81021b30       88     1                 gBoLImprovedMirrorShield_gBoLImprovedMirrorShield_mesh_layer_Opaque_tri_1
81021bb8 81021bb8       70     1                 gBoLImprovedMirrorShield_gBoLImprovedMirrorShield_mesh_layer_Opaque_vtx_2
81021c28 81021c28       28     1                 gBoLImprovedMirrorShield_gBoLImprovedMirrorShield_mesh_layer_Opaque_tri_2
81021c50 81021c50       40     1                 gBoLImprovedMirrorShield_gBoLImprovedMirrorShield_mesh_layer_Opaque_vtx_3
81021c90 81021c90       18     1                 gBoLImprovedMirrorShield_gBoLImprovedMirrorShield_mesh_layer_Opaque_tri_3
81021ca8 81021ca8       60     1                 gBoLImprovedMirrorShield_gBoLImprovedMirrorShield_mesh_layer_Opaque_vtx_4
81021d08 81021d08       20     1                 gBoLImprovedMirrorShield_gBoLImprovedMirrorShield_mesh_layer_Opaque_tri_4
81021d28 81021d28       70     1                 gBoLImprovedMirrorShield_gBoLImprovedMirrorShield_mesh_layer_Opaque_vtx_5
81021d98 81021d98       28     1                 gBoLImprovedMirrorShield_gBoLImprovedMirrorShield_mesh_layer_Opaque_tri_5
81021dc0 81021dc0       80     1                 mat_gBoLImprovedMirrorShield_MShieldGrip_f3d_layerOpaque
81021e40 81021e40       80     1                 mat_gBoLImprovedMirrorShield_mtl_TEXGEN_red_f3d_layerOpaque
81021ec0 81021ec0       80     1                 mat_gBoLImprovedMirrorShield_mtl_TEXGEN_mirror_f3d_layerOpaque
81021f40 81021f40       68     1                 mat_gBoLImprovedMirrorShield_OoTMirrorShield_bottom_f3d_layerOpaque
81021fa8 81021fa8       68     1                 mat_gBoLImprovedMirrorShield_OoTMirrorShield_Upper_f3d_layerOpaque
81022010 81022010       80     1                 mat_gBoLImprovedMirrorShield_mtl_TEXGEN_mirror_overlay_f3d_layerOpaque
81022090 81022090       88     1                 gBoLImprovedMirrorShield
81022120 81022120     4ba8    16         build/src/gBoLKiteShield.o:(.data)
81022120 81022120     1000     1                 gBoLKiteShield_ShieldBack_Fast_rgba16
81023120 81023120      400     1                 gBoLKiteShield_Beads_ci8
81023520 81023520       48     1                 gBoLKiteShield_Beads_pal_rgba16
81023568 81023568      400     1                 gBoLKiteShield_Handle_ci8
81023968 81023968       28     1                 gBoLKiteShield_Handle_pal_rgba16
81023990 81023990      800     1                 gBoLKiteShield_Feather_ci8
81024190 81024190      1b0     1                 gBoLKiteShield_Feather_pal_rgba16
81024340 81024340      800     1                 gBoLKiteShield_ShieldBottom_fast_ci8
81024b40 81024b40      158     1                 gBoLKiteShield_ShieldBottom_fast_pal_rgba16
81024c98 81024c98      800     1                 gBoLKiteShield_ShieldTop_Fast_ci8
81025498 81025498      140     1                 gBoLKiteShield_ShieldTop_Fast_pal_rgba16
810255d8 810255d8       80     1                 gBoLKiteShield_gBoLKiteShield_mesh_layer_Opaque_vtx_cull
81025658 81025658      160     1                 gBoLKiteShield_gBoLKiteShield_mesh_layer_Opaque_vtx_0
810257b8 810257b8       88     1                 gBoLKiteShield_gBoLKiteShield_mesh_layer_Opaque_tri_0
81025840 81025840      1e0     1                 gBoLKiteShield_gBoLKiteShield_mesh_layer_Opaque_vtx_1
81025a20 81025a20       d0     1                 gBoLKiteShield_gBoLKiteShield_mesh_layer_Opaque_tri_1
81025af0 81025af0       80     1                 gBoLKiteShield_gBoLKiteShield_mesh_layer_Opaque_vtx_2
81025b70 81025b70       28     1                 gBoLKiteShield_gBoLKiteShield_mesh_layer_Opaque_tri_2
81025b98 81025b98      360     1                 gBoLKiteShield_gBoLKiteShield_mesh_layer_Opaque_vtx_3
81025ef8 81025ef8       60     1                 gBoLKiteShield_gBoLKiteShield_mesh_layer_Opaque_tri_3
81025f58 81025f58      7b0     1                 gBoLKiteShield_gBoLKiteShield_mesh_layer_Opaque_vtx_4
81026708 81026708      160     1                 gBoLKiteShield_gBoLKiteShield_mesh_layer_Opaque_tri_4
81026868 81026868       b0     1                 gBoLKiteShield_gBoLKiteShield_mesh_layer_Opaque_vtx_5
81026918 81026918       40     1                 gBoLKiteShield_gBoLKiteShield_mesh_layer_Opaque_tri_5
81026958 81026958       68     1                 mat_gBoLKiteShield_Kite_ShieldBack_f3d_layerOpaque
810269c0 810269c0       80     1                 mat_gBoLKiteShield_Kite_Beads_f3d_layerOpaque
81026a40 81026a40       80     1                 mat_gBoLKiteShield_Kite_ShieldHandle_f3d_layerOpaque
81026ac0 81026ac0       80     1                 mat_gBoLKiteShield_Kite_Feathers_NOCULL_f3d_layerOpaque
81026b40 81026b40       80     1                 mat_gBoLKiteShield_Kite_ShieldBottom_f3d_layerOpaque
81026bc0 81026bc0       80     1                 mat_gBoLKiteShield_Kite_ShieldTop_f3d_layerOpaque
81026c40 81026c40       88     1                 gBoLKiteShield
81026cd0 81026cd0     7c60    16         build/src/gBoLMM3DHeroShield.o:(.data)
81026cd0 81026cd0      200     1                 gBoLMM3DHeroShield_Metal_rgba16
81026ed0 81026ed0      200     1                 gBoLMM3DHeroShield_ShieldBevel_rgba16
810270d0 810270d0     1000     1                 gBoLMM3DHeroShield_ShieldLogo_1_rgba16
810280d0 810280d0      800     1                 gBoLMM3DHeroShield_WoodBack_rgba16
810288d0 810288d0      400     1                 gBoLMM3DHeroShield_Handle_rgba16
81028cd0 81028cd0      400     1                 gBoLMM3DHeroShield_ShieldBlue_rgba16
810290d0 810290d0      200     1                 gBoLMM3DHeroShield_Triforce_rgba16
810292d0 810292d0       80     1                 gBoLMM3DHeroShield_gBoLMM3DHeroShield_mesh_layer_Opaque_vtx_cull
81029350 81029350     3d60     1                 gBoLMM3DHeroShield_gBoLMM3DHeroShield_mesh_layer_Opaque_vtx_0
8102d0b0 8102d0b0      9a8     1                 gBoLMM3DHeroShield_gBoLMM3DHeroShield_mesh_layer_Opaque_tri_0
8102da58 8102da58      240     1                 gBoLMM3DHeroShield_gBoLMM3DHeroShield_mesh_layer_Opaque_vtx_1
8102dc98 8102dc98       60     1                 gBoLMM3DHeroShield_gBoLMM3DHeroShield_mesh_layer_Opaque_tri_1
8102dcf8 8102dcf8      1b0     1                 gBoLMM3DHeroShield_gBoLMM3DHeroShield_mesh_layer_Opaque_vtx_2
8102dea8 8102dea8       78     1                 gBoLMM3DHeroShield_gBoLMM3DHeroShield_mesh_layer_Opaque_tri_2
8102df20 8102df20      1a0     1                 gBoLMM3DHeroShield_gBoLMM3DHeroShield_mesh_layer_Opaque_vtx_3
8102e0c0 8102e0c0       48     1                 gBoLMM3DHeroShield_gBoLMM3DHeroShield_mesh_layer_Opaque_tri_3
8102e108 8102e108       a0     1                 gBoLMM3DHeroShield_gBoLMM3DHeroShield_mesh_layer_Opaque_vtx_4
8102e1a8 8102e1a8       28     1                 gBoLMM3DHeroShield_gBoLMM3DHeroShield_mesh_layer_Opaque_tri_4
8102e1d0 8102e1d0       d0     1                 gBoLMM3DHeroShield_gBoLMM3DHeroShield_mesh_layer_Opaque_vtx_5
8102e2a0 8102e2a0       48     1                 gBoLMM3DHeroShield_gBoLMM3DHeroShield_mesh_layer_Opaque_tri_5
8102e2e8 8102e2e8      270     1                 gBoLMM3DHeroShield_gBoLMM3DHeroShield_mesh_layer_Opaque_vtx_6
8102e558 8102e558       68     1                 gBoLMM3DHeroShield_gBoLMM3DHeroShield_mesh_layer_Opaque_tri_6
8102e5c0 8102e5c0       68     1                 mat_gBoLMM3DHeroShield_M3D_HS_Metal_f3d_layerOpaque
8102e628 8102e628       68     1                 mat_gBoLMM3DHeroShield_M3D_HS_Holes_f3d_layerOpaque
8102e690 8102e690       68     1                 mat_gBoLMM3DHeroShield_M3D_HS_Bird_f3d_layerOpaque
8102e6f8 8102e6f8       68     1                 mat_gBoLMM3DHeroShield_M3D_HS_WoodBack_f3d_layerOpaque
8102e760 8102e760       68     1                 mat_gBoLMM3DHeroShield_M3D_HS_Handle_f3d_layerOpaque
8102e7c8 8102e7c8       68     1                 mat_gBoLMM3DHeroShield_M3D_HS_Blue_f3d_layerOpaque
8102e830 8102e830       68     1                 mat_gBoLMM3DHeroShield_M3D_HS_Gold_f3d_layerOpaque
8102e898 8102e898       98     1                 gBoLMM3DHeroShield
8102e930 8102e930     30d8    16         build/src/gBoLMagicShield.o:(.data)
8102e930 8102e930      800     1                 gBoLMagicShield_ShieldBack_ci8
8102f130 8102f130       40     1                 gBoLMagicShield_ShieldBack_pal_rgba16
8102f170 8102f170      200     1                 gBoLMagicShield_ShieldFace_ci8
8102f370 8102f370       30     1                 gBoLMagicShield_ShieldFace_pal_rgba16
8102f3a0 8102f3a0       80     1                 gBoLMagicShield_ShieldRed_ci4
8102f420 8102f420       20     1                 gBoLMagicShield_ShieldRed_pal_rgba16
8102f440 8102f440      800     1                 gBoLMagicShield_ShieldEmblem_ci8
8102fc40 8102fc40       d0     1                 gBoLMagicShield_ShieldEmblem_pal_rgba16
8102fd10 8102fd10      100     1                 gBoLMagicShield_ShieldBlue_ci8
8102fe10 8102fe10       28     1                 gBoLMagicShield_ShieldBlue_pal_rgba16
8102fe38 8102fe38      200     1                 gBoLMagicShield__060096E8_ci8
81030038 81030038       50     1                 gBoLMagicShield__060096E8_pal_rgba16
81030088 81030088       80     1                 gBoLMagicShield_gBoLMagicShield_mesh_layer_Opaque_vtx_cull
81030108 81030108      100     1                 gBoLMagicShield_gBoLMagicShield_mesh_layer_Opaque_vtx_0
81030208 81030208       58     1                 gBoLMagicShield_gBoLMagicShield_mesh_layer_Opaque_tri_0
81030260 81030260      150     1                 gBoLMagicShield_gBoLMagicShield_mesh_layer_Opaque_vtx_1
810303b0 810303b0       80     1                 gBoLMagicShield_gBoLMagicShield_mesh_layer_Opaque_tri_1
81030430 81030430      180     1                 gBoLMagicShield_gBoLMagicShield_mesh_layer_Opaque_vtx_2
810305b0 810305b0       70     1                 gBoLMagicShield_gBoLMagicShield_mesh_layer_Opaque_tri_2
81030620 81030620      150     1                 gBoLMagicShield_gBoLMagicShield_mesh_layer_Opaque_vtx_3
81030770 81030770       80     1                 gBoLMagicShield_gBoLMagicShield_mesh_layer_Opaque_tri_3
810307f0 810307f0      b60     1                 gBoLMagicShield_gBoLMagicShield_mesh_layer_Opaque_vtx_4
81031350 81031350      248     1                 gBoLMagicShield_gBoLMagicShield_mesh_layer_Opaque_tri_4
81031598 81031598       c0     1                 gBoLMagicShield_gBoLMagicShield_mesh_layer_Opaque_vtx_5
81031658 81031658       28     1                 gBoLMagicShield_gBoLMagicShield_mesh_layer_Opaque_tri_5
81031680 81031680       80     1                 mat_gBoLMagicShield_MagicShield_ShieldBack_f3d_layerOpaque
81031700 81031700       80     1                 mat_gBoLMagicShield_MagicShield_ShieldFace_f3d_layerOpaque
81031780 81031780       80     1                 mat_gBoLMagicShield_MagicShield_ShieldRed_f3d_layerOpaque
81031800 81031800       80     1                 mat_gBoLMagicShield_MagicShield_ShieldEmblem_f3d_layerOpaque
81031880 81031880       80     1                 mat_gBoLMagicShield_MagicShield_ShieldBlue_f3d_layerOpaque
81031900 81031900       80     1                 mat_gBoLMagicShield_MagicShield_ShieldStrap_NOCULL_f3d_layerOpaque
81031980 81031980       88     1                 gBoLMagicShield
81031a10 81031a10      e78    16         build/src/gBoLMagicSwordBlade.o:(.data)
81031a10 81031a10      800     1                 gBoLMagicSwordBlade_tex1_128x16_6d7cf113ea28b455_14_ci8
81032210 81032210       a0     1                 gBoLMagicSwordBlade_tex1_128x16_6d7cf113ea28b455_14_pal_rgba16
810322b0 810322b0       80     1                 gBoLMagicSwordBlade_gBoLMagicSwordBlade_mesh_layer_Opaque_vtx_cull
81032330 81032330      400     1                 gBoLMagicSwordBlade_gBoLMagicSwordBlade_mesh_layer_Opaque_vtx_0
81032730 81032730       a0     1                 gBoLMagicSwordBlade_gBoLMagicSwordBlade_mesh_layer_Opaque_tri_0
810327d0 810327d0       80     1                 mat_gBoLMagicSwordBlade_MagicSword_Blade_f3d_layerOpaque
81032850 81032850       38     1                 gBoLMagicSwordBlade
81032890 81032890     3c20    16         build/src/gBoLMagicSwordHilt.o:(.data)
81032890 81032890      800     1                 gBoLMagicSwordHilt_Guard_Index_ci4
81033090 81033090       20     1                 gBoLMagicSwordHilt_Guard_Index_pal_rgba16
810330b0 810330b0      100     1                 gBoLMagicSwordHilt_Triforce_ci8
810331b0 810331b0       38     1                 gBoLMagicSwordHilt_Triforce_pal_rgba16
810331e8 810331e8     1000     1                 gBoLMagicSwordHilt_Handle_Fast_rgba16
810341e8 810341e8       80     1                 gBoLMagicSwordHilt_gBoLMagicSwordHilt_mesh_layer_Opaque_vtx_cull
81034268 81034268     12e0     1                 gBoLMagicSwordHilt_gBoLMagicSwordHilt_mesh_layer_Opaque_vtx_0
81035548 81035548      458     1                 gBoLMagicSwordHilt_gBoLMagicSwordHilt_mesh_layer_Opaque_tri_0
810359a0 810359a0      380     1                 gBoLMagicSwordHilt_gBoLMagicSwordHilt_mesh_layer_Opaque_vtx_1
81035d20 81035d20       78     1                 gBoLMagicSwordHilt_gBoLMagicSwordHilt_mesh_layer_Opaque_tri_1
81035d98 81035d98      3f0     1                 gBoLMagicSwordHilt_gBoLMagicSwordHilt_mesh_layer_Opaque_vtx_2
81036188 81036188      168     1                 gBoLMagicSwordHilt_gBoLMagicSwordHilt_mesh_layer_Opaque_tri_2
810362f0 810362f0       80     1                 mat_gBoLMagicSwordHilt_MagicSword_Guard_f3d_layerOpaque
81036370 81036370       80     1                 mat_gBoLMagicSwordHilt_MagicSword_Gems_f3d_layerOpaque
810363f0 810363f0       68     1                 mat_gBoLMagicSwordHilt_MagicSword_Handle_f3d_layerOpaque
81036458 81036458       58     1                 gBoLMagicSwordHilt
810364b0 810364b0     c630    16         build/src/gBoLMoonlightGreatsword.o:(.data)
810364b0 810364b0      800     1                 gBoLMoonlightGreatsword_Blade1_ci4
81036cb0 81036cb0       20     1                 gBoLMoonlightGreatsword_Blade1_pal_rgba16
81036cd0 81036cd0      800     1                 gBoLMoonlightGreatsword_Blade2_ci4
810374d0 810374d0       20     1                 gBoLMoonlightGreatsword_Blade2_pal_rgba16
810374f0 810374f0      800     1                 gBoLMoonlightGreatsword_Blade3_ci4
81037cf0 81037cf0       20     1                 gBoLMoonlightGreatsword_Blade3_pal_rgba16
81037d10 81037d10     1000     1                 gBoLMoonlightGreatsword_Pommel_rgba16
81038d10 81038d10     1000     1                 gBoLMoonlightGreatsword_Crossguard_rgba16
81039d10 81039d10      800     1                 gBoLMoonlightGreatsword_BladeCenter_ci4
8103a510 8103a510       20     1                 gBoLMoonlightGreatsword_BladeCenter_pal_rgba16
8103a530 8103a530      800     1                 gBoLMoonlightGreatsword_Rainguard_ci8
8103ad30 8103ad30      1c0     1                 gBoLMoonlightGreatsword_Rainguard_pal_rgba16
8103aef0 8103aef0      800     1                 gBoLMoonlightGreatsword_GuardPart_ci8
8103b6f0 8103b6f0      178     1                 gBoLMoonlightGreatsword_GuardPart_pal_rgba16
8103b868 8103b868     1000     1                 gBoLMoonlightGreatsword_CrossguardBottom_rgba16
8103c868 8103c868      800     1                 gBoLMoonlightGreatsword_Handle_ci8
8103d068 8103d068       e8     1                 gBoLMoonlightGreatsword_Handle_pal_rgba16
8103d150 8103d150      200     1                 gBoLMoonlightGreatsword_liquid_ia8
8103d350 8103d350      200     1                 gBoLMoonlightGreatsword_liquid2_ia8
8103d550 8103d550      800     1                 gBoLMoonlightGreatsword_BladeDirt_ia8
8103dd50 8103dd50       80     1                 gBoLMoonlightGreatsword_gBoLMoonlightGreatsword_mesh_layer_Opaque_vtx_cull
8103ddd0 8103ddd0      1a0     1                 gBoLMoonlightGreatsword_gBoLMoonlightGreatsword_mesh_layer_Opaque_vtx_0
8103df70 8103df70       50     1                 gBoLMoonlightGreatsword_gBoLMoonlightGreatsword_mesh_layer_Opaque_tri_0
8103dfc0 8103dfc0      180     1                 gBoLMoonlightGreatsword_gBoLMoonlightGreatsword_mesh_layer_Opaque_vtx_1
8103e140 8103e140       50     1                 gBoLMoonlightGreatsword_gBoLMoonlightGreatsword_mesh_layer_Opaque_tri_1
8103e190 8103e190      180     1                 gBoLMoonlightGreatsword_gBoLMoonlightGreatsword_mesh_layer_Opaque_vtx_2
8103e310 8103e310       50     1                 gBoLMoonlightGreatsword_gBoLMoonlightGreatsword_mesh_layer_Opaque_tri_2
8103e360 8103e360      660     1                 gBoLMoonlightGreatsword_gBoLMoonlightGreatsword_mesh_layer_Opaque_vtx_3
8103e9c0 8103e9c0      1c8     1                 gBoLMoonlightGreatsword_gBoLMoonlightGreatsword_mesh_layer_Opaque_tri_3
8103eb88 8103eb88     1060     1                 gBoLMoonlightGreatsword_gBoLMoonlightGreatsword_mesh_layer_Opaque_vtx_4
8103fbe8 8103fbe8      300     1                 gBoLMoonlightGreatsword_gBoLMoonlightGreatsword_mesh_layer_Opaque_tri_4
8103fee8 8103fee8      360     1                 gBoLMoonlightGreatsword_gBoLMoonlightGreatsword_mesh_layer_Opaque_vtx_5
81040248 81040248       78     1                 gBoLMoonlightGreatsword_gBoLMoonlightGreatsword_mesh_layer_Opaque_tri_5
810402c0 810402c0      220     1                 gBoLMoonlightGreatsword_gBoLMoonlightGreatsword_mesh_layer_Opaque_vtx_6
810404e0 810404e0       78     1                 gBoLMoonlightGreatsword_gBoLMoonlightGreatsword_mesh_layer_Opaque_tri_6
81040558 81040558      240     1                 gBoLMoonlightGreatsword_gBoLMoonlightGreatsword_mesh_layer_Opaque_vtx_7
81040798 81040798       78     1                 gBoLMoonlightGreatsword_gBoLMoonlightGreatsword_mesh_layer_Opaque_tri_7
81040810 81040810      5c0     1                 gBoLMoonlightGreatsword_gBoLMoonlightGreatsword_mesh_layer_Opaque_vtx_8
81040dd0 81040dd0      150     1                 gBoLMoonlightGreatsword_gBoLMoonlightGreatsword_mesh_layer_Opaque_tri_8
81040f20 81040f20      2d0     1                 gBoLMoonlightGreatsword_gBoLMoonlightGreatsword_mesh_layer_Opaque_vtx_9
810411f0 810411f0       b0     1                 gBoLMoonlightGreatsword_gBoLMoonlightGreatsword_mesh_layer_Opaque_tri_9
810412a0 810412a0      5f0     1                 gBoLMoonlightGreatsword_gBoLMoonlightGreatsword_mesh_layer_Opaque_vtx_10
81041890 81041890      140     1                 gBoLMoonlightGreatsword_gBoLMoonlightGreatsword_mesh_layer_Opaque_tri_10
810419d0 810419d0      5c0     1                 gBoLMoonlightGreatsword_gBoLMoonlightGreatsword_mesh_layer_Opaque_vtx_11
81041f90 81041f90      140     1                 gBoLMoonlightGreatsword_gBoLMoonlightGreatsword_mesh_layer_Opaque_tri_11
810420d0 810420d0      2b0     1                 gBoLMoonlightGreatsword_gBoLMoonlightGreatsword_mesh_layer_Opaque_vtx_12
81042380 81042380       78     1                 gBoLMoonlightGreatsword_gBoLMoonlightGreatsword_mesh_layer_Opaque_tri_12
810423f8 810423f8       80     1                 mat_gBoLMoonlightGreatsword_MLGS_Blade1_f3d_layerOpaque
81042478 81042478       80     1                 mat_gBoLMoonlightGreatsword_MLGS_Blade2_f3d_layerOpaque
810424f8 810424f8       80     1                 mat_gBoLMoonlightGreatsword_MLGS_Blade3_f3d_layerOpaque
81042578 81042578       68     1                 mat_gBoLMoonlightGreatsword_MLGS_Pommel_f3d_layerOpaque
810425e0 810425e0       68     1                 mat_gBoLMoonlightGreatsword_MLGS_Crossguard_f3d_layerOpaque
81042648 81042648       80     1                 mat_gBoLMoonlightGreatsword_MLGS_BladeCenter_f3d_layerOpaque
810426c8 810426c8       80     1                 mat_gBoLMoonlightGreatsword_MLGS_Rainguard_f3d_layerOpaque
81042748 81042748       80     1                 mat_gBoLMoonlightGreatsword_MLGS_GuardPart_f3d_layerOpaque
810427c8 810427c8       68     1                 mat_gBoLMoonlightGreatsword_MLGS_CrossguardBottom_f3d_layerOpaque
81042830 81042830       80     1                 mat_gBoLMoonlightGreatsword_MLGS_Handle_f3d_layerOpaque
810428b0 810428b0       68     1                 mat_gBoLMoonlightGreatsword_MLGS_Blade_Layer2_f3d_layerOpaque
81042918 81042918       68     1                 mat_gBoLMoonlightGreatsword_MLGS_Blade_Layer1_f3d_layerOpaque
81042980 81042980       68     1                 mat_gBoLMoonlightGreatsword_MLGS_BladeDirt_f3d_layerOpaque
810429e8 810429e8       f8     1                 gBoLMoonlightGreatsword
81042ae0 81042ae0     4ed0    16         build/src/gBoLOoT3DHyShield.o:(.data)
81042ae0 81042ae0      200     1                 gBoLOoT3DHyShield_Metal_rgba16
81042ce0 81042ce0      400     1                 gBoLOoT3DHyShield_Handle_rgba16
810430e0 810430e0      200     1                 gBoLOoT3DHyShield_Triforce_rgba16
810432e0 810432e0      400     1                 gBoLOoT3DHyShield_WoodBack_ci8
810436e0 810436e0       c8     1                 gBoLOoT3DHyShield_WoodBack_pal_rgba16
810437a8 810437a8      800     1                 gBoLOoT3DHyShield_ShieldBlue_ci4
81043fa8 81043fa8       20     1                 gBoLOoT3DHyShield_ShieldBlue_pal_rgba16
81043fc8 81043fc8       80     1                 gBoLOoT3DHyShield_gBoLOoT3DHyShield_mesh_layer_Opaque_vtx_cull
81044048 81044048     25d0     1                 gBoLOoT3DHyShield_gBoLOoT3DHyShield_mesh_layer_Opaque_vtx_0
81046618 81046618      6b0     1                 gBoLOoT3DHyShield_gBoLOoT3DHyShield_mesh_layer_Opaque_tri_0
81046cc8 81046cc8       c0     1                 gBoLOoT3DHyShield_gBoLOoT3DHyShield_mesh_layer_Opaque_vtx_1
81046d88 81046d88       28     1                 gBoLOoT3DHyShield_gBoLOoT3DHyShield_mesh_layer_Opaque_tri_1
81046db0 81046db0      4c0     1                 gBoLOoT3DHyShield_gBoLOoT3DHyShield_mesh_layer_Opaque_vtx_2
81047270 81047270       90     1                 gBoLOoT3DHyShield_gBoLOoT3DHyShield_mesh_layer_Opaque_tri_2
81047300 81047300      140     1                 gBoLOoT3DHyShield_gBoLOoT3DHyShield_mesh_layer_Opaque_vtx_3
81047440 81047440       48     1                 gBoLOoT3DHyShield_gBoLOoT3DHyShield_mesh_layer_Opaque_tri_3
81047488 81047488      1f0     1                 gBoLOoT3DHyShield_gBoLOoT3DHyShield_mesh_layer_Opaque_vtx_4
81047678 81047678       88     1                 gBoLOoT3DHyShield_gBoLOoT3DHyShield_mesh_layer_Opaque_tri_4
81047700 81047700       68     1                 mat_gBoLOoT3DHyShield_M3D_HS_Metal_f3d_001_layerOpaque
81047768 81047768       68     1                 mat_gBoLOoT3DHyShield_M3D_HS_Handle_f3d_001_layerOpaque
810477d0 810477d0       68     1                 mat_gBoLOoT3DHyShield_M3D_HS_Gold_f3d_001_layerOpaque
81047838 81047838       80     1                 mat_gBoLOoT3DHyShield_M3D_HyS_WoodBack_f3d_001_layerOpaque
810478b8 810478b8       80     1                 mat_gBoLOoT3DHyShield_M3D_HyS_Blue_f3d_001_layerOpaque
81047938 81047938       78     1                 gBoLOoT3DHyShield
810479b0 810479b0     9180    16         build/src/gBoLPursuerUGS.o:(.data)
810479b0 810479b0      800     1                 gBoLPursuerUGS_PursuerGuard_ci4
810481b0 810481b0       20     1                 gBoLPursuerUGS_PursuerGuard_pal_rgba16
810481d0 810481d0      800     1                 gBoLPursuerUGS_PursuerHandle_ci4
810489d0 810489d0       18     1                 gBoLPursuerUGS_PursuerHandle_pal_rgba16
810489e8 810489e8      800     1                 gBoLPursuerUGS_PursuerPommel_ci8
810491e8 810491e8       88     1                 gBoLPursuerUGS_PursuerPommel_pal_rgba16
81049270 81049270      400     1                 gBoLPursuerUGS_PursuerBlade_ci8
81049670 81049670       98     1                 gBoLPursuerUGS_PursuerBlade_pal_rgba16
81049708 81049708       80     1                 gBoLPursuerUGS_gBoLPursuerUGS_mesh_layer_Opaque_vtx_cull
81049788 81049788      4e0     1                 gBoLPursuerUGS_gBoLPursuerUGS_mesh_layer_Opaque_vtx_0
81049c68 81049c68      170     1                 gBoLPursuerUGS_gBoLPursuerUGS_mesh_layer_Opaque_tri_0
81049dd8 81049dd8      140     1                 gBoLPursuerUGS_gBoLPursuerUGS_mesh_layer_Opaque_vtx_1
81049f18 81049f18       70     1                 gBoLPursuerUGS_gBoLPursuerUGS_mesh_layer_Opaque_tri_1
81049f88 81049f88      770     1                 gBoLPursuerUGS_gBoLPursuerUGS_mesh_layer_Opaque_vtx_2
8104a6f8 8104a6f8      230     1                 gBoLPursuerUGS_gBoLPursuerUGS_mesh_layer_Opaque_tri_2
8104a928 8104a928     28f0     1                 gBoLPursuerUGS_gBoLPursuerUGS_mesh_layer_Opaque_vtx_3
8104d218 8104d218      970     1                 gBoLPursuerUGS_gBoLPursuerUGS_mesh_layer_Opaque_tri_3
8104db88 8104db88     2460     1                 gBoLPursuerUGS_gBoLPursuerUGS_mesh_layer_Opaque_vtx_4
8104ffe8 8104ffe8      850     1                 gBoLPursuerUGS_gBoLPursuerUGS_mesh_layer_Opaque_tri_4
81050838 81050838       80     1                 mat_gBoLPursuerUGS_PursuerGuard_f3d_layerOpaque
810508b8 810508b8       80     1                 mat_gBoLPursuerUGS_PursuerHandle_f3d_layerOpaque
81050938 81050938       80     1                 mat_gBoLPursuerUGS_PursuerPommel_f3d_layerOpaque
810509b8 810509b8       80     1                 mat_gBoLPursuerUGS_PursuerBlade_f3d_layerOpaque
81050a38 81050a38       80     1                 mat_gBoLPursuerUGS_PursuerBlade_Wear_f3d_layerOpaque
81050ab8 81050ab8       78     1                 gBoLPursuerUGS
81050b30 81050b30     82b0    16         build/src/gBoLRedShield.o:(.data)
81050b30 81050b30      400     1                 gBoLRedShield_Handle_rgba16
81050f30 81050f30      200     1                 gBoLRedShield_Metal_rgba16
81051130 81051130      800     1                 gBoLRedShield_ShieldBack_ci4
81051930 81051930       20     1                 gBoLRedShield_ShieldBack_pal_rgba16
81051950 81051950      400     1                 gBoLRedShield_RefFire_ci8
81051d50 81051d50      1c8     1                 gBoLRedShield_RefFire_pal_rgba16
81051f18 81051f18      200     1                 gBoLRedShield_Triforce_rgba16
81052118 81052118      800     1                 gBoLRedShield_ShieldFaceFire_ci4
81052918 81052918       18     1                 gBoLRedShield_ShieldFaceFire_pal_rgba16
81052930 81052930       80     1                 gBoLRedShield_gBoLRedShield_mesh_layer_Opaque_vtx_cull
810529b0 810529b0       c0     1                 gBoLRedShield_gBoLRedShield_mesh_layer_Opaque_vtx_0
81052a70 81052a70       50     1                 gBoLRedShield_gBoLRedShield_mesh_layer_Opaque_tri_0
81052ac0 81052ac0     1dd0     1                 gBoLRedShield_gBoLRedShield_mesh_layer_Opaque_vtx_1
81054890 81054890      5b8     1                 gBoLRedShield_gBoLRedShield_mesh_layer_Opaque_tri_1
81054e48 81054e48      190     1                 gBoLRedShield_gBoLRedShield_mesh_layer_Opaque_vtx_2
81054fd8 81054fd8       90     1                 gBoLRedShield_gBoLRedShield_mesh_layer_Opaque_tri_2
81055068 81055068      150     1                 gBoLRedShield_gBoLRedShield_mesh_layer_Opaque_vtx_3
810551b8 810551b8       40     1                 gBoLRedShield_gBoLRedShield_mesh_layer_Opaque_tri_3
810551f8 810551f8     2cb0     1                 gBoLRedShield_gBoLRedShield_mesh_layer_Opaque_vtx_4
81057ea8 81057ea8      9d8     1                 gBoLRedShield_gBoLRedShield_mesh_layer_Opaque_tri_4
81058880 81058880      190     1                 gBoLRedShield_gBoLRedShield_mesh_layer_Opaque_vtx_5
81058a10 81058a10       90     1                 gBoLRedShield_gBoLRedShield_mesh_layer_Opaque_tri_5
81058aa0 81058aa0       68     1                 mat_gBoLRedShield_M3D_HS_Handle_f3d_layerOpaque
81058b08 81058b08       68     1                 mat_gBoLRedShield_M3D_HS_Metal_f3d_layerOpaque
81058b70 81058b70       80     1                 mat_gBoLRedShield_LTTPF_ShieldBack_f3d_layerOpaque
81058bf0 81058bf0       80     1                 mat_gBoLRedShield_LTTPF_ShieldRedGemsRed_f3d_layerOpaque
81058c70 81058c70       68     1                 mat_gBoLRedShield_M3D_HS_Gold_f3d_layerOpaque
81058cd8 81058cd8       80     1                 mat_gBoLRedShield_LTTPF_ShieldFaceRed_f3d_layerOpaque
81058d58 81058d58       88     1                 gBoLRedShield
81058de0 81058de0     6ae0    16         build/src/gBoLSTShield.o:(.data)
81058de0 81058de0      100     1                 gBoLSTShield_Geyshine_i8
81058ee0 81058ee0      400     1                 gBoLSTShield_ShieldBack_ci8
810592e0 810592e0       98     1                 gBoLSTShield_ShieldBack_pal_rgba16
81059378 81059378      400     1                 gBoLSTShield_ShieldFront_ci8
81059778 81059778       38     1                 gBoLSTShield_ShieldFront_pal_rgba16
810597b0 810597b0       40     1                 gBoLSTShield_Gem_ci8
810597f0 810597f0       28     1                 gBoLSTShield_Gem_pal_rgba16
81059818 81059818       80     1                 gBoLSTShield_gBoLSTShield_mesh_layer_Opaque_vtx_cull
81059898 81059898     4b80     1                 gBoLSTShield_gBoLSTShield_mesh_layer_Opaque_vtx_0
8105e418 8105e418      c78     1                 gBoLSTShield_gBoLSTShield_mesh_layer_Opaque_tri_0
8105f090 8105f090      2a0     1                 gBoLSTShield_gBoLSTShield_mesh_layer_Opaque_vtx_1
8105f330 8105f330       80     1                 gBoLSTShield_gBoLSTShield_mesh_layer_Opaque_tri_1
8105f3b0 8105f3b0       c0     1                 gBoLSTShield_gBoLSTShield_mesh_layer_Opaque_vtx_2
8105f470 8105f470       38     1                 gBoLSTShield_gBoLSTShield_mesh_layer_Opaque_tri_2
8105f4a8 8105f4a8      190     1                 gBoLSTShield_gBoLSTShield_mesh_layer_Opaque_vtx_3
8105f638 8105f638       38     1                 gBoLSTShield_gBoLSTShield_mesh_layer_Opaque_tri_3
8105f670 8105f670       68     1                 mat_gBoLSTShield_ST_Metal_f3d_layerOpaque
8105f6d8 8105f6d8       80     1                 mat_gBoLSTShield_ST_WoodBack_f3d_layerOpaque
8105f758 8105f758       80     1                 mat_gBoLSTShield_ST_ShieldFront_f3d_layerOpaque
8105f7d8 8105f7d8       80     1                 mat_gBoLSTShield_ST_ShieldGem_TEXGEN_f3d_layerOpaque
8105f858 8105f858       68     1                 gBoLSTShield
8105f8c0 8105f8c0     2b80    16         build/src/gBoLUltimaWeapon.o:(.data)
8105f8c0 8105f8c0      800     1                 gBoLUltimaWeapon_UltimaHilt_ci8
810600c0 810600c0      128     1                 gBoLUltimaWeapon_UltimaHilt_pal_rgba16
810601e8 810601e8      400     1                 gBoLUltimaWeapon_UltimaBladePart_ci8
810605e8 810605e8       a0     1                 gBoLUltimaWeapon_UltimaBladePart_pal_rgba16
81060688 81060688      100     1                 gBoLUltimaWeapon_Blade1_ci8
81060788 81060788       28     1                 gBoLUltimaWeapon_Blade1_pal_rgba16
810607b0 810607b0      100     1                 gBoLUltimaWeapon_UltimaGem_New_ci8
810608b0 810608b0       40     1                 gBoLUltimaWeapon_UltimaGem_New_pal_rgba16
810608f0 810608f0       80     1                 gBoLUltimaWeapon_gBoLUltimaWeapon_mesh_layer_Opaque_vtx_cull
81060970 81060970      b30     1                 gBoLUltimaWeapon_gBoLUltimaWeapon_mesh_layer_Opaque_vtx_0
810614a0 810614a0      228     1                 gBoLUltimaWeapon_gBoLUltimaWeapon_mesh_layer_Opaque_tri_0
810616c8 810616c8      160     1                 gBoLUltimaWeapon_gBoLUltimaWeapon_mesh_layer_Opaque_vtx_1
81061828 81061828       58     1                 gBoLUltimaWeapon_gBoLUltimaWeapon_mesh_layer_Opaque_tri_1
81061880 81061880      5e0     1                 gBoLUltimaWeapon_gBoLUltimaWeapon_mesh_layer_Opaque_vtx_2
81061e60 81061e60      110     1                 gBoLUltimaWeapon_gBoLUltimaWeapon_mesh_layer_Opaque_tri_2
81061f70 81061f70      220     1                 gBoLUltimaWeapon_gBoLUltimaWeapon_mesh_layer_Opaque_vtx_3
81062190 81062190       48     1                 gBoLUltimaWeapon_gBoLUltimaWeapon_mesh_layer_Opaque_tri_3
810621d8 810621d8       80     1                 mat_gBoLUltimaWeapon_UltimaHilt_f3d_layerOpaque
81062258 81062258       80     1                 mat_gBoLUltimaWeapon_UltimaBlade2_f3d_layerOpaque
810622d8 810622d8       80     1                 mat_gBoLUltimaWeapon_UltimaBlade_TEXGEN_f3d_layerOpaque
81062358 81062358       80     1                 mat_gBoLUltimaWeapon_UltimaGem_f3d_layerOpaque
810623d8 810623d8       68     1                 gBoLUltimaWeapon
81062440 81062440     8ab0    16         build/src/gBoLValentine.o:(.data)
81062440 81062440      800     1                 gBoLValentine_ValentineHandle_ci4
81062c40 81062c40       20     1                 gBoLValentine_ValentineHandle_pal_rgba16
81062c60 81062c60      800     1                 gBoLValentine_ValentinePommel_rgba16
81063460 81063460      800     1                 gBoLValentine_ValentineGuard2_ci4
81063c60 81063c60       20     1                 gBoLValentine_ValentineGuard2_pal_rgba16
81063c80 81063c80      800     1                 gBoLValentine_ValentineGuard1_ci4
81064480 81064480       20     1                 gBoLValentine_ValentineGuard1_pal_rgba16
810644a0 810644a0      800     1                 gBoLValentine_ValentineBladeInner_ci4
81064ca0 81064ca0       20     1                 gBoLValentine_ValentineBladeInner_pal_rgba16
81064cc0 81064cc0     1000     1                 gBoLValentine_ValentineBladeRim_rgba16
81065cc0 81065cc0      100     1                 gBoLValentine__04000000_notile_ci8
81065dc0 81065dc0       50     1                 gBoLValentine__04000000_notile_pal_rgba16
81065e10 81065e10      400     1                 gBoLValentine_ValentineGem_ci8
81066210 81066210       80     1                 gBoLValentine_ValentineGem_pal_rgba16
81066290 81066290       80     1                 gBoLValentine_gBoLValentine_mesh_layer_Opaque_vtx_cull
81066310 81066310      180     1                 gBoLValentine_gBoLValentine_mesh_layer_Opaque_vtx_0
81066490 81066490       90     1                 gBoLValentine_gBoLValentine_mesh_layer_Opaque_tri_0
81066520 81066520       90     1                 gBoLValentine_gBoLValentine_mesh_layer_Opaque_vtx_1
810665b0 810665b0       30     1                 gBoLValentine_gBoLValentine_mesh_layer_Opaque_tri_1
810665e0 810665e0      1d0     1                 gBoLValentine_gBoLValentine_mesh_layer_Opaque_vtx_2
810667b0 810667b0       90     1                 gBoLValentine_gBoLValentine_mesh_layer_Opaque_tri_2
81066840 81066840      200     1                 gBoLValentine_gBoLValentine_mesh_layer_Opaque_vtx_3
81066a40 81066a40       a0     1                 gBoLValentine_gBoLValentine_mesh_layer_Opaque_tri_3
81066ae0 81066ae0      7e0     1                 gBoLValentine_gBoLValentine_mesh_layer_Opaque_vtx_4
810672c0 810672c0      128     1                 gBoLValentine_gBoLValentine_mesh_layer_Opaque_tri_4
810673e8 810673e8     1080     1                 gBoLValentine_gBoLValentine_mesh_layer_Opaque_vtx_5
81068468 81068468      260     1                 gBoLValentine_gBoLValentine_mesh_layer_Opaque_tri_5
810686c8 810686c8      e70     1                 gBoLValentine_gBoLValentine_mesh_layer_Opaque_vtx_6
81069538 81069538      1e8     1                 gBoLValentine_gBoLValentine_mesh_layer_Opaque_tri_6
81069720 81069720      f50     1                 gBoLValentine_gBoLValentine_mesh_layer_Opaque_vtx_7
8106a670 8106a670      408     1                 gBoLValentine_gBoLValentine_mesh_layer_Opaque_tri_7
8106aa78 8106aa78       80     1                 mat_gBoLValentine_Valentine_Handle_f3d_layerOpaque
8106aaf8 8106aaf8       68     1                 mat_gBoLValentine_Valentine_Pommel_f3d_layerOpaque
8106ab60 8106ab60       80     1                 mat_gBoLValentine_Valentine_Guard2_f3d_layerOpaque
8106abe0 8106abe0       80     1                 mat_gBoLValentine_Valentine_Guard_f3d_layerOpaque
8106ac60 8106ac60       80     1                 mat_gBoLValentine_Valentine_BladeInner_f3d_layerOpaque
8106ace0 8106ace0       68     1                 mat_gBoLValentine_Valentine_BladeOuter_f3d_layerOpaque
8106ad48 8106ad48       80     1                 mat_gBoLValentine_Valentine_Blade_f3d_layerOpaque
8106adc8 8106adc8       80     1                 mat_gBoLValentine_Valentine_Gem_f3d_layerOpaque
8106ae48 8106ae48       a8     1                 gBoLValentine
8106aef0 8106aef0     d740    16         build/src/gJoJoStoneMask.o:(.data)
8106aef0 8106aef0     1000     1                 gJoJoStoneMask_StoneMask_Lips_rgba16
8106bef0 8106bef0     1000     1                 gJoJoStoneMask_StoneMask_Nose_rgba16
8106cef0 8106cef0      800     1                 gJoJoStoneMask_StoneMask_Eyes_rgba16
8106d6f0 8106d6f0     1000     1                 gJoJoStoneMask_StoneMask_Scorpion_rgba16
8106e6f0 8106e6f0     1000     1                 gJoJoStoneMask_StoneMask_Middle_rgba16
8106f6f0 8106f6f0     1000     1                 gJoJoStoneMask_StoneMask_Back_rgba16
810706f0 810706f0     1000     1                 gJoJoStoneMask_StoneMask_T1_rgba16
810716f0 810716f0     1000     1                 gJoJoStoneMask_StoneMask_T2_rgba16
810726f0 810726f0     1000     1                 gJoJoStoneMask_StoneMask_B1_rgba16
810736f0 810736f0     1000     1                 gJoJoStoneMask_StoneMask_B2_rgba16
810746f0 810746f0     1000     1                 gJoJoStoneMask_StoneMask_Fangs_rgba16
810756f0 810756f0       80     1                 gJoJoStoneMask_gJoJoStoneMask_mesh_layer_Opaque_vtx_cull
81075770 81075770      2d0     1                 gJoJoStoneMask_gJoJoStoneMask_mesh_layer_Opaque_vtx_0
81075a40 81075a40       88     1                 gJoJoStoneMask_gJoJoStoneMask_mesh_layer_Opaque_tri_0
81075ac8 81075ac8      100     1                 gJoJoStoneMask_gJoJoStoneMask_mesh_layer_Opaque_vtx_1
81075bc8 81075bc8       40     1                 gJoJoStoneMask_gJoJoStoneMask_mesh_layer_Opaque_tri_1
81075c08 81075c08       e0     1                 gJoJoStoneMask_gJoJoStoneMask_mesh_layer_Opaque_vtx_2
81075ce8 81075ce8       40     1                 gJoJoStoneMask_gJoJoStoneMask_mesh_layer_Opaque_tri_2
81075d28 81075d28      1c0     1                 gJoJoStoneMask_gJoJoStoneMask_mesh_layer_Opaque_vtx_3
81075ee8 81075ee8       a0     1                 gJoJoStoneMask_gJoJoStoneMask_mesh_layer_Opaque_tri_3
81075f88 81075f88      330     1                 gJoJoStoneMask_gJoJoStoneMask_mesh_layer_Opaque_vtx_4
810762b8 810762b8       c0     1                 gJoJoStoneMask_gJoJoStoneMask_mesh_layer_Opaque_tri_4
81076378 81076378      630     1                 gJoJoStoneMask_gJoJoStoneMask_mesh_layer_Opaque_vtx_5
810769a8 810769a8      168     1                 gJoJoStoneMask_gJoJoStoneMask_mesh_layer_Opaque_tri_5
81076b10 81076b10      360     1                 gJoJoStoneMask_gJoJoStoneMask_mesh_layer_Opaque_vtx_6
81076e70 81076e70      100     1                 gJoJoStoneMask_gJoJoStoneMask_mesh_layer_Opaque_tri_6
81076f70 81076f70      430     1                 gJoJoStoneMask_gJoJoStoneMask_mesh_layer_Opaque_vtx_7
810773a0 810773a0       f0     1                 gJoJoStoneMask_gJoJoStoneMask_mesh_layer_Opaque_tri_7
81077490 81077490      300     1                 gJoJoStoneMask_gJoJoStoneMask_mesh_layer_Opaque_vtx_8
81077790 81077790       d0     1                 gJoJoStoneMask_gJoJoStoneMask_mesh_layer_Opaque_tri_8
81077860 81077860      2f0     1                 gJoJoStoneMask_gJoJoStoneMask_mesh_layer_Opaque_vtx_9
81077b50 81077b50       d0     1                 gJoJoStoneMask_gJoJoStoneMask_mesh_layer_Opaque_tri_9
81077c20 81077c20      3b0     1                 gJoJoStoneMask_gJoJoStoneMask_mesh_layer_Opaque_vtx_10
81077fd0 81077fd0      110     1                 gJoJoStoneMask_gJoJoStoneMask_mesh_layer_Opaque_tri_10
810780e0 810780e0       68     1                 mat_gJoJoStoneMask_StoneMask_Lips_f3d_layerOpaque
81078148 81078148       68     1                 mat_gJoJoStoneMask_StoneMask_Nose_f3d_layerOpaque
810781b0 810781b0       68     1                 mat_gJoJoStoneMask_StoneMask_Eyes_f3d_layerOpaque
81078218 81078218       68     1                 mat_gJoJoStoneMask_StoneMask_Scorpion_f3d_layerOpaque
81078280 81078280       68     1                 mat_gJoJoStoneMask_StoneMask_Middle_f3d_layerOpaque
810782e8 810782e8       68     1                 mat_gJoJoStoneMask_StoneMask_Back_f3d_layerOpaque
81078350 81078350       68     1                 mat_gJoJoStoneMask_StoneMask_T1_f3d_layerOpaque
810783b8 810783b8       68     1                 mat_gJoJoStoneMask_StoneMask_T2_f3d_layerOpaque
81078420 81078420       68     1                 mat_gJoJoStoneMask_StoneMask_B1_f3d_layerOpaque
81078488 81078488       68     1                 mat_gJoJoStoneMask_StoneMask_B2_f3d_layerOpaque
810784f0 810784f0       68     1                 mat_gJoJoStoneMask_StoneMask_Fangs_f3d_layerOpaque
81078558 81078558       d8     1                 gJoJoStoneMask
81078630 81078630       10    16 .bss
81078630 81078630        0    16         build/src/Valentine.o:(.bss)
81078630 81078630        c    16         build/src/birdequipment.o:(.bss)
81078630 81078630        4     1                 gRam
81078634 81078634        4     1                 gVrom
81078638 81078638        4     1                 gSize
81078640 81078640        0    16         build/src/gBoLALTTPMirrorShield.o:(.bss)
81078640 81078640        0    16         build/src/gBoLBurningDragonsword.o:(.bss)
81078640 81078640        0    16         build/src/gBoLDS1Claymore.o:(.bss)
81078640 81078640        0    16         build/src/gBoLFighterShield.o:(.bss)
81078640 81078640        0    16         build/src/gBoLImprovedMirrorShield.o:(.bss)
81078640 81078640        0    16         build/src/gBoLKiteShield.o:(.bss)
81078640 81078640        0    16         build/src/gBoLMM3DHeroShield.o:(.bss)
81078640 81078640        0    16         build/src/gBoLMagicShield.o:(.bss)
81078640 81078640        0    16         build/src/gBoLMagicSwordBlade.o:(.bss)
81078640 81078640        0    16         build/src/gBoLMagicSwordHilt.o:(.bss)
81078640 81078640        0    16         build/src/gBoLMoonlightGreatsword.o:(.bss)
81078640 81078640        0    16         build/src/gBoLOoT3DHyShield.o:(.bss)
81078640 81078640        0    16         build/src/gBoLPursuerUGS.o:(.bss)
81078640 81078640        0    16         build/src/gBoLRedShield.o:(.bss)
81078640 81078640        0    16         build/src/gBoLSTShield.o:(.bss)
81078640 81078640        0    16         build/src/gBoLUltimaWeapon.o:(.bss)
81078640 81078640        0    16         build/src/gBoLValentine.o:(.bss)
81078640 81078640        0    16         build/src/gJoJoStoneMask.o:(.bss)
       0        0        0     1 .mdebug.abi32
       0        0        0     1         build/src/Valentine.o:(.mdebug.abi32)
       0        0        0     1         build/src/birdequipment.o:(.mdebug.abi32)
       0        0        0     1         build/src/gBoLALTTPMirrorShield.o:(.mdebug.abi32)
       0        0        0     1         build/src/gBoLBurningDragonsword.o:(.mdebug.abi32)
       0        0        0     1         build/src/gBoLDS1Claymore.o:(.mdebug.abi32)
       0        0        0     1         build/src/gBoLFighterShield.o:(.mdebug.abi32)
       0        0        0     1         build/src/gBoLImprovedMirrorShield.o:(.mdebug.abi32)
       0        0        0     1         build/src/gBoLKiteShield.o:(.mdebug.abi32)
       0        0        0     1         build/src/gBoLMM3DHeroShield.o:(.mdebug.abi32)
       0        0        0     1         build/src/gBoLMagicShield.o:(.mdebug.abi32)
       0        0        0     1         build/src/gBoLMagicSwordBlade.o:(.mdebug.abi32)
       0        0        0     1         build/src/gBoLMagicSwordHilt.o:(.mdebug.abi32)
       0        0        0     1         build/src/gBoLMoonlightGreatsword.o:(.mdebug.abi32)
       0        0        0     1         build/src/gBoLOoT3DHyShield.o:(.mdebug.abi32)
       0        0        0     1         build/src/gBoLPursuerUGS.o:(.mdebug.abi32)
       0        0        0     1         build/src/gBoLRedShield.o:(.mdebug.abi32)
       0        0        0     1         build/src/gBoLSTShield.o:(.mdebug.abi32)
       0        0        0     1         build/src/gBoLUltimaWeapon.o:(.mdebug.abi32)
       0        0        0     1         build/src/gBoLValentine.o:(.mdebug.abi32)
       0        0        0     1         build/src/gJoJoStoneMask.o:(.mdebug.abi32)
       0        0     1c18     4 .rel.data
       0        0      1f8     4         build/src/Valentine.o:(.rel.data)
     1f8      1f8      100     4         build/src/gBoLALTTPMirrorShield.o:(.rel.data)
     2f8      2f8      140     4         build/src/gBoLBurningDragonsword.o:(.rel.data)
     438      438      158     4         build/src/gBoLDS1Claymore.o:(.rel.data)
     590      590      1d0     4         build/src/gBoLFighterShield.o:(.rel.data)
     760      760       f0     4         build/src/gBoLImprovedMirrorShield.o:(.rel.data)
     850      850      110     4         build/src/gBoLKiteShield.o:(.rel.data)
     960      960      1f0     4         build/src/gBoLMM3DHeroShield.o:(.rel.data)
     b50      b50      120     4         build/src/gBoLMagicShield.o:(.rel.data)
     c70      c70       40     4         build/src/gBoLMagicSwordBlade.o:(.rel.data)
     cb0      cb0       d0     4         build/src/gBoLMagicSwordHilt.o:(.rel.data)
     d80      d80      290     4         build/src/gBoLMoonlightGreatsword.o:(.rel.data)
    1010     1010      160     4         build/src/gBoLOoT3DHyShield.o:(.rel.data)
    1170     1170      228     4         build/src/gBoLPursuerUGS.o:(.rel.data)
    1398     1398      200     4         build/src/gBoLRedShield.o:(.rel.data)
    1598     1598      1d8     4         build/src/gBoLSTShield.o:(.rel.data)
    1770     1770       e8     4         build/src/gBoLUltimaWeapon.o:(.rel.data)
    1858     1858      200     4         build/src/gBoLValentine.o:(.rel.data)
    1a58     1a58      1c0     4         build/src/gJoJoStoneMask.o:(.rel.data)
       0        0       30     4 .rel.recomp_hook.DmaMgr_ProcessRequest
       0        0       30     4         build/src/birdequipment.o:(.rel.recomp_hook.DmaMgr_ProcessRequest)
       0        0      380     4 .rel.recomp_hook_return.DmaMgr_ProcessRequest
       0        0      380     4         build/src/birdequipment.o:(.rel.recomp_hook_return.DmaMgr_ProcessRequest)
       0        0       58     4 .rel.rodata
       0        0       58     4         build/src/birdequipment.o:(.rel.rodata)
       0        0     2670     4 .symtab
       0        0     2670     4         <internal>:(.symtab)
       0        0      11a     1 .shstrtab
       0        0      11a     1         <internal>:(.shstrtab)
       0        0     6e43     1 .strtab
       0        0     6e43     1         <internal>:(.strtab)
